
> vite_react_shadcn_ts@0.0.0 build
> vite build

[36mvite v5.4.19 [32mbuilding for production...[36m[39m
transforming...
[32mΓ£ô[39m 1760 modules transformed.
rendering chunks...
computing gzip size...
[2mdist/[22m[32mindex.html                       [39m[1m[2m  4.90 kB[22m[1m[22m[2m Γöé gzip:   1.74 kB[22m
[2mdist/[22m[35massets/index-nsTS_CuE.css        [39m[1m[2m 69.68 kB[22m[1m[22m[2m Γöé gzip:  12.20 kB[22m
[2mdist/[22m[36massets/NotFoundPage-Cb1Qof0B.js  [39m[1m[2m  0.98 kB[22m[1m[22m[2m Γöé gzip:   0.54 kB[22m
[2mdist/[22m[36massets/BookPage-Dk7OJCGd.js      [39m[1m[2m  1.30 kB[22m[1m[22m[2m Γöé gzip:   0.66 kB[22m
[2mdist/[22m[36massets/bibleApi-7hXCGHXM.js      [39m[1m[2m  5.54 kB[22m[1m[22m[2m Γöé gzip:   2.41 kB[22m
[2mdist/[22m[36massets/SearchPage-DlnXsgDX.js    [39m[1m[2m 17.97 kB[22m[1m[22m[2m Γöé gzip:   6.72 kB[22m
[2mdist/[22m[36massets/ReadingPage-Ch9n-wm-.js   [39m[1m[2m128.24 kB[22m[1m[22m[2m Γöé gzip:  38.96 kB[22m
[2mdist/[22m[36massets/index-eyWnOMVV.js         [39m[1m[2m317.14 kB[22m[1m[22m[2m Γöé gzip: 101.52 kB[22m
[32mΓ£ô built in 19m 22s[39m
